{
    "Resp": {
        "supervisor_image": "ghcr.io/nxpkg/build/supervisor:commit-ff38b98b7dde4929159bcaeec68d178898dc2139",
        "web_image": "ghcr.io/nxpkg/build/ide/code:commit-d6329814c2aa34c414574fd0d1301447d6fe82c9"
    },
    "Err": ""
}
